
> backendkit@0.1.0 start:dev
> nest start --watch

[2J[3J[H[[90m5:21:21 p. m.[0m] Starting compilation in watch mode...

[[90m5:21:27 p. m.[0m] Found 0 errors. Watching for file changes.

[32m[Nest] 20052  - [39m03/09/2026, 5:21:29 p. m. [32m    LOG[39m [38;5;3m[NestFactory] [39m[32mStarting Nest application...[39m
[32m[Nest] 20052  - [39m03/09/2026, 5:21:29 p. m. [32m    LOG[39m [38;5;3m[InstanceLoader] [39m[32mTypeOrmModule dependencies initialized[39m[38;5;3m +47ms[39m
[32m[Nest] 20052  - [39m03/09/2026, 5:21:29 p. m. [32m    LOG[39m [38;5;3m[InstanceLoader] [39m[32mDiscoveryModule dependencies initialized[39m[38;5;3m +2ms[39m
[32m[Nest] 20052  - [39m03/09/2026, 5:21:29 p. m. [32m    LOG[39m [38;5;3m[InstanceLoader] [39m[32mScheduleModule dependencies initialized[39m[38;5;3m +1ms[39m
[32m[Nest] 20052  - [39m03/09/2026, 5:21:29 p. m. [32m    LOG[39m [38;5;3m[InstanceLoader] [39m[32mAppModule dependencies initialized[39m[38;5;3m +2ms[39m
[32m[Nest] 20052  - [39m03/09/2026, 5:21:31 p. m. [32m    LOG[39m [38;5;3m[InstanceLoader] [39m[32mSellersModule dependencies initialized[39m[38;5;3m +1495ms[39m
[32m[Nest] 20052  - [39m03/09/2026, 5:21:31 p. m. [32m    LOG[39m [38;5;3m[InstanceLoader] [39m[32mCobrosModule dependencies initialized[39m[38;5;3m +2ms[39m
[32m[Nest] 20052  - [39m03/09/2026, 5:21:31 p. m. [32m    LOG[39m [38;5;3m[InstanceLoader] [39m[32mCustomersModule dependencies initialized[39m[38;5;3m +2ms[39m
[32m[Nest] 20052  - [39m03/09/2026, 5:21:31 p. m. [32m    LOG[39m [38;5;3m[InstanceLoader] [39m[32mProductsModule dependencies initialized[39m[38;5;3m +3ms[39m
[32m[Nest] 20052  - [39m03/09/2026, 5:21:31 p. m. [32m    LOG[39m [38;5;3m[InstanceLoader] [39m[32mVisitsModule dependencies initialized[39m[38;5;3m +2ms[39m
[32m[Nest] 20052  - [39m03/09/2026, 5:21:31 p. m. [32m    LOG[39m [38;5;3m[InstanceLoader] [39m[32mStockModule dependencies initialized[39m[38;5;3m +2ms[39m
[32m[Nest] 20052  - [39m03/09/2026, 5:21:31 p. m. [32m    LOG[39m [38;5;3m[InstanceLoader] [39m[32mDailyStockModule dependencies initialized[39m[38;5;3m +2ms[39m
[32m[Nest] 20052  - [39m03/09/2026, 5:21:31 p. m. [32m    LOG[39m [38;5;3m[InstanceLoader] [39m[32mGeneralStockModule dependencies initialized[39m[38;5;3m +2ms[39m
[32m[Nest] 20052  - [39m03/09/2026, 5:21:31 p. m. [32m    LOG[39m [38;5;3m[InstanceLoader] [39m[32mCollectionReportModule dependencies initialized[39m[38;5;3m +2ms[39m
[32m[Nest] 20052  - [39m03/09/2026, 5:21:31 p. m. [32m    LOG[39m [38;5;3m[InstanceLoader] [39m[32mDailyReportModule dependencies initialized[39m[38;5;3m +2ms[39m
[32m[Nest] 20052  - [39m03/09/2026, 5:21:31 p. m. [32m    LOG[39m [38;5;3m[InstanceLoader] [39m[32mWeeklyReportModule dependencies initialized[39m[38;5;3m +2ms[39m
[32m[Nest] 20052  - [39m03/09/2026, 5:21:31 p. m. [32m    LOG[39m [38;5;3m[InstanceLoader] [39m[32mMonthlyReportModule dependencies initialized[39m[38;5;3m +3ms[39m
[32m[Nest] 20052  - [39m03/09/2026, 5:21:31 p. m. [32m    LOG[39m [38;5;3m[InstanceLoader] [39m[32mSellerReportModule dependencies initialized[39m[38;5;3m +2ms[39m
[32m[Nest] 20052  - [39m03/09/2026, 5:21:31 p. m. [32m    LOG[39m [38;5;3m[InstanceLoader] [39m[32mTypeOrmCoreModule dependencies initialized[39m[38;5;3m +3ms[39m
[32m[Nest] 20052  - [39m03/09/2026, 5:21:31 p. m. [32m    LOG[39m [38;5;3m[InstanceLoader] [39m[32mAuthModule dependencies initialized[39m[38;5;3m +3ms[39m
[32m[Nest] 20052  - [39m03/09/2026, 5:21:31 p. m. [32m    LOG[39m [38;5;3m[InstanceLoader] [39m[32mDashboardModule dependencies initialized[39m[38;5;3m +3ms[39m
[32m[Nest] 20052  - [39m03/09/2026, 5:21:31 p. m. [32m    LOG[39m [38;5;3m[InstanceLoader] [39m[32mTenantModule dependencies initialized[39m[38;5;3m +4ms[39m
[32m[Nest] 20052  - [39m03/09/2026, 5:21:31 p. m. [32m    LOG[39m [38;5;3m[InstanceLoader] [39m[32mInventoryModule dependencies initialized[39m[38;5;3m +2ms[39m
[32m[Nest] 20052  - [39m03/09/2026, 5:21:31 p. m. [32m    LOG[39m [38;5;3m[InstanceLoader] [39m[32mAdminModule dependencies initialized[39m[38;5;3m +2ms[39m
[32m[Nest] 20052  - [39m03/09/2026, 5:21:31 p. m. [32m    LOG[39m [38;5;3m[RoutesResolver] [39m[32mHealthController {/api/health}:[39m[38;5;3m +15ms[39m
[32m[Nest] 20052  - [39m03/09/2026, 5:21:31 p. m. [32m    LOG[39m [38;5;3m[RouterExplorer] [39m[32mMapped {/api/health, GET} route[39m[38;5;3m +6ms[39m
[32m[Nest] 20052  - [39m03/09/2026, 5:21:31 p. m. [32m    LOG[39m [38;5;3m[RoutesResolver] [39m[32mTenantController {/api/tenants}:[39m[38;5;3m +2ms[39m
[32m[Nest] 20052  - [39m03/09/2026, 5:21:31 p. m. [32m    LOG[39m [38;5;3m[RouterExplorer] [39m[32mMapped {/api/tenants, GET} route[39m[38;5;3m +3ms[39m
[32m[Nest] 20052  - [39m03/09/2026, 5:21:31 p. m. [32m    LOG[39m [38;5;3m[RouterExplorer] [39m[32mMapped {/api/tenants/me, GET} route[39m[38;5;3m +3ms[39m
[32m[Nest] 20052  - [39m03/09/2026, 5:21:31 p. m. [32m    LOG[39m [38;5;3m[RouterExplorer] [39m[32mMapped {/api/tenants/provision, POST} route[39m[38;5;3m +3ms[39m
[32m[Nest] 20052  - [39m03/09/2026, 5:21:31 p. m. [32m    LOG[39m [38;5;3m[RoutesResolver] [39m[32mAuthController {/api/auth}:[39m[38;5;3m +2ms[39m
[32m[Nest] 20052  - [39m03/09/2026, 5:21:31 p. m. [32m    LOG[39m [38;5;3m[RouterExplorer] [39m[32mMapped {/api/auth, GET} route[39m[38;5;3m +2ms[39m
[32m[Nest] 20052  - [39m03/09/2026, 5:21:31 p. m. [32m    LOG[39m [38;5;3m[RouterExplorer] [39m[32mMapped {/api/auth/login, POST} route[39m[38;5;3m +3ms[39m
[32m[Nest] 20052  - [39m03/09/2026, 5:21:31 p. m. [32m    LOG[39m [38;5;3m[RouterExplorer] [39m[32mMapped {/api/auth, POST} route[39m[38;5;3m +2ms[39m
[32m[Nest] 20052  - [39m03/09/2026, 5:21:31 p. m. [32m    LOG[39m [38;5;3m[RouterExplorer] [39m[32mMapped {/api/auth, PATCH} route[39m[38;5;3m +3ms[39m
[32m[Nest] 20052  - [39m03/09/2026, 5:21:31 p. m. [32m    LOG[39m [38;5;3m[RouterExplorer] [39m[32mMapped {/api/auth, DELETE} route[39m[38;5;3m +3ms[39m
[32m[Nest] 20052  - [39m03/09/2026, 5:21:31 p. m. [32m    LOG[39m [38;5;3m[RoutesResolver] [39m[32mDashboardController {/api/dashboard}:[39m[38;5;3m +2ms[39m
[32m[Nest] 20052  - [39m03/09/2026, 5:21:31 p. m. [32m    LOG[39m [38;5;3m[RouterExplorer] [39m[32mMapped {/api/dashboard, GET} route[39m[38;5;3m +3ms[39m
[32m[Nest] 20052  - [39m03/09/2026, 5:21:31 p. m. [32m    LOG[39m [38;5;3m[RoutesResolver] [39m[32mSellersController {/api/sellers}:[39m[38;5;3m +2ms[39m
[32m[Nest] 20052  - [39m03/09/2026, 5:21:31 p. m. [32m    LOG[39m [38;5;3m[RouterExplorer] [39m[32mMapped {/api/sellers, GET} route[39m[38;5;3m +2ms[39m
[32m[Nest] 20052  - [39m03/09/2026, 5:21:31 p. m. [32m    LOG[39m [38;5;3m[RouterExplorer] [39m[32mMapped {/api/sellers, POST} route[39m[38;5;3m +2ms[39m
[32m[Nest] 20052  - [39m03/09/2026, 5:21:31 p. m. [32m    LOG[39m [38;5;3m[RouterExplorer] [39m[32mMapped {/api/sellers, PATCH} route[39m[38;5;3m +3ms[39m
[32m[Nest] 20052  - [39m03/09/2026, 5:21:31 p. m. [32m    LOG[39m [38;5;3m[RouterExplorer] [39m[32mMapped {/api/sellers, DELETE} route[39m[38;5;3m +2ms[39m
[32m[Nest] 20052  - [39m03/09/2026, 5:21:31 p. m. [32m    LOG[39m [38;5;3m[RoutesResolver] [39m[32mCobrosController {/api/cobros}:[39m[38;5;3m +4ms[39m
[32m[Nest] 20052  - [39m03/09/2026, 5:21:31 p. m. [32m    LOG[39m [38;5;3m[RouterExplorer] [39m[32mMapped {/api/cobros, GET} route[39m[38;5;3m +5ms[39m
[32m[Nest] 20052  - [39m03/09/2026, 5:21:31 p. m. [32m    LOG[39m [38;5;3m[RouterExplorer] [39m[32mMapped {/api/cobros, POST} route[39m[38;5;3m +2ms[39m
[32m[Nest] 20052  - [39m03/09/2026, 5:21:31 p. m. [32m    LOG[39m [38;5;3m[RouterExplorer] [39m[32mMapped {/api/cobros, PATCH} route[39m[38;5;3m +3ms[39m
[32m[Nest] 20052  - [39m03/09/2026, 5:21:31 p. m. [32m    LOG[39m [38;5;3m[RouterExplorer] [39m[32mMapped {/api/cobros, DELETE} route[39m[38;5;3m +3ms[39m
[32m[Nest] 20052  - [39m03/09/2026, 5:21:31 p. m. [32m    LOG[39m [38;5;3m[RoutesResolver] [39m[32mCustomersController {/api/customers}:[39m[38;5;3m +3ms[39m
[32m[Nest] 20052  - [39m03/09/2026, 5:21:31 p. m. [32m    LOG[39m [38;5;3m[RouterExplorer] [39m[32mMapped {/api/customers, GET} route[39m[38;5;3m +3ms[39m
[32m[Nest] 20052  - [39m03/09/2026, 5:21:31 p. m. [32m    LOG[39m [38;5;3m[RouterExplorer] [39m[32mMapped {/api/customers, POST} route[39m[38;5;3m +2ms[39m
[32m[Nest] 20052  - [39m03/09/2026, 5:21:31 p. m. [32m    LOG[39m [38;5;3m[RouterExplorer] [39m[32mMapped {/api/customers, PATCH} route[39m[38;5;3m +3ms[39m
[32m[Nest] 20052  - [39m03/09/2026, 5:21:31 p. m. [32m    LOG[39m [38;5;3m[RouterExplorer] [39m[32mMapped {/api/customers, DELETE} route[39m[38;5;3m +2ms[39m
[32m[Nest] 20052  - [39m03/09/2026, 5:21:31 p. m. [32m    LOG[39m [38;5;3m[RoutesResolver] [39m[32mProductsController {/api/products}:[39m[38;5;3m +3ms[39m
[32m[Nest] 20052  - [39m03/09/2026, 5:21:31 p. m. [32m    LOG[39m [38;5;3m[RouterExplorer] [39m[32mMapped {/api/products, GET} route[39m[38;5;3m +2ms[39m
[32m[Nest] 20052  - [39m03/09/2026, 5:21:31 p. m. [32m    LOG[39m [38;5;3m[RouterExplorer] [39m[32mMapped {/api/products, POST} route[39m[38;5;3m +3ms[39m
[32m[Nest] 20052  - [39m03/09/2026, 5:21:31 p. m. [32m    LOG[39m [38;5;3m[RouterExplorer] [39m[32mMapped {/api/products, PATCH} route[39m[38;5;3m +3ms[39m
[32m[Nest] 20052  - [39m03/09/2026, 5:21:31 p. m. [32m    LOG[39m [38;5;3m[RouterExplorer] [39m[32mMapped {/api/products, DELETE} route[39m[38;5;3m +2ms[39m
[32m[Nest] 20052  - [39m03/09/2026, 5:21:31 p. m. [32m    LOG[39m [38;5;3m[RoutesResolver] [39m[32mVisitsController {/api/visits}:[39m[38;5;3m +2ms[39m
[32m[Nest] 20052  - [39m03/09/2026, 5:21:31 p. m. [32m    LOG[39m [38;5;3m[RouterExplorer] [39m[32mMapped {/api/visits, GET} route[39m[38;5;3m +3ms[39m
[32m[Nest] 20052  - [39m03/09/2026, 5:21:31 p. m. [32m    LOG[39m [38;5;3m[RouterExplorer] [39m[32mMapped {/api/visits, POST} route[39m[38;5;3m +2ms[39m
[32m[Nest] 20052  - [39m03/09/2026, 5:21:31 p. m. [32m    LOG[39m [38;5;3m[RouterExplorer] [39m[32mMapped {/api/visits, PATCH} route[39m[38;5;3m +3ms[39m
[32m[Nest] 20052  - [39m03/09/2026, 5:21:31 p. m. [32m    LOG[39m [38;5;3m[RouterExplorer] [39m[32mMapped {/api/visits, DELETE} route[39m[38;5;3m +2ms[39m
[32m[Nest] 20052  - [39m03/09/2026, 5:21:31 p. m. [32m    LOG[39m [38;5;3m[RoutesResolver] [39m[32mStockController {/api/stock}:[39m[38;5;3m +3ms[39m
[32m[Nest] 20052  - [39m03/09/2026, 5:21:31 p. m. [32m    LOG[39m [38;5;3m[RouterExplorer] [39m[32mMapped {/api/stock, GET} route[39m[38;5;3m +2ms[39m
[32m[Nest] 20052  - [39m03/09/2026, 5:21:31 p. m. [32m    LOG[39m [38;5;3m[RouterExplorer] [39m[32mMapped {/api/stock, POST} route[39m[38;5;3m +3ms[39m
[32m[Nest] 20052  - [39m03/09/2026, 5:21:31 p. m. [32m    LOG[39m [38;5;3m[RouterExplorer] [39m[32mMapped {/api/stock, PATCH} route[39m[38;5;3m +2ms[39m
[32m[Nest] 20052  - [39m03/09/2026, 5:21:31 p. m. [32m    LOG[39m [38;5;3m[RouterExplorer] [39m[32mMapped {/api/stock, DELETE} route[39m[38;5;3m +6ms[39m
[32m[Nest] 20052  - [39m03/09/2026, 5:21:31 p. m. [32m    LOG[39m [38;5;3m[RoutesResolver] [39m[32mInventoryController {/api/inventory}:[39m[38;5;3m +3ms[39m
[32m[Nest] 20052  - [39m03/09/2026, 5:21:31 p. m. [32m    LOG[39m [38;5;3m[RouterExplorer] [39m[32mMapped {/api/inventory/summary, GET} route[39m[38;5;3m +3ms[39m
[32m[Nest] 20052  - [39m03/09/2026, 5:21:31 p. m. [32m    LOG[39m [38;5;3m[RouterExplorer] [39m[32mMapped {/api/inventory, GET} route[39m[38;5;3m +3ms[39m
[32m[Nest] 20052  - [39m03/09/2026, 5:21:31 p. m. [32m    LOG[39m [38;5;3m[RouterExplorer] [39m[32mMapped {/api/inventory, POST} route[39m[38;5;3m +2ms[39m
[32m[Nest] 20052  - [39m03/09/2026, 5:21:31 p. m. [32m    LOG[39m [38;5;3m[RouterExplorer] [39m[32mMapped {/api/inventory/close, POST} route[39m[38;5;3m +3ms[39m
[32m[Nest] 20052  - [39m03/09/2026, 5:21:31 p. m. [32m    LOG[39m [38;5;3m[RouterExplorer] [39m[32mMapped {/api/inventory, PATCH} route[39m[38;5;3m +3ms[39m
[32m[Nest] 20052  - [39m03/09/2026, 5:21:31 p. m. [32m    LOG[39m [38;5;3m[RouterExplorer] [39m[32mMapped {/api/inventory, DELETE} route[39m[38;5;3m +3ms[39m
[32m[Nest] 20052  - [39m03/09/2026, 5:21:31 p. m. [32m    LOG[39m [38;5;3m[RoutesResolver] [39m[32mDailyStockController {/api/daily-stock}:[39m[38;5;3m +2ms[39m
[32m[Nest] 20052  - [39m03/09/2026, 5:21:31 p. m. [32m    LOG[39m [38;5;3m[RouterExplorer] [39m[32mMapped {/api/daily-stock, GET} route[39m[38;5;3m +3ms[39m
[32m[Nest] 20052  - [39m03/09/2026, 5:21:31 p. m. [32m    LOG[39m [38;5;3m[RouterExplorer] [39m[32mMapped {/api/daily-stock, POST} route[39m[38;5;3m +2ms[39m
[32m[Nest] 20052  - [39m03/09/2026, 5:21:31 p. m. [32m    LOG[39m [38;5;3m[RouterExplorer] [39m[32mMapped {/api/daily-stock, PATCH} route[39m[38;5;3m +3ms[39m
[32m[Nest] 20052  - [39m03/09/2026, 5:21:31 p. m. [32m    LOG[39m [38;5;3m[RouterExplorer] [39m[32mMapped {/api/daily-stock, DELETE} route[39m[38;5;3m +2ms[39m
[32m[Nest] 20052  - [39m03/09/2026, 5:21:31 p. m. [32m    LOG[39m [38;5;3m[RoutesResolver] [39m[32mGeneralStockController {/api/general-stock}:[39m[38;5;3m +3ms[39m
[32m[Nest] 20052  - [39m03/09/2026, 5:21:31 p. m. [32m    LOG[39m [38;5;3m[RouterExplorer] [39m[32mMapped {/api/general-stock, GET} route[39m[38;5;3m +2ms[39m
[32m[Nest] 20052  - [39m03/09/2026, 5:21:31 p. m. [32m    LOG[39m [38;5;3m[RouterExplorer] [39m[32mMapped {/api/general-stock, POST} route[39m[38;5;3m +2ms[39m
[32m[Nest] 20052  - [39m03/09/2026, 5:21:31 p. m. [32m    LOG[39m [38;5;3m[RouterExplorer] [39m[32mMapped {/api/general-stock, PATCH} route[39m[38;5;3m +3ms[39m
[32m[Nest] 20052  - [39m03/09/2026, 5:21:31 p. m. [32m    LOG[39m [38;5;3m[RouterExplorer] [39m[32mMapped {/api/general-stock, DELETE} route[39m[38;5;3m +3ms[39m
[32m[Nest] 20052  - [39m03/09/2026, 5:21:31 p. m. [32m    LOG[39m [38;5;3m[RoutesResolver] [39m[32mCollectionReportController {/api/collection-report}:[39m[38;5;3m +2ms[39m
[32m[Nest] 20052  - [39m03/09/2026, 5:21:31 p. m. [32m    LOG[39m [38;5;3m[RouterExplorer] [39m[32mMapped {/api/collection-report, GET} route[39m[38;5;3m +2ms[39m
[32m[Nest] 20052  - [39m03/09/2026, 5:21:31 p. m. [32m    LOG[39m [38;5;3m[RouterExplorer] [39m[32mMapped {/api/collection-report, POST} route[39m[38;5;3m +3ms[39m
[32m[Nest] 20052  - [39m03/09/2026, 5:21:31 p. m. [32m    LOG[39m [38;5;3m[RouterExplorer] [39m[32mMapped {/api/collection-report, PATCH} route[39m[38;5;3m +2ms[39m
[32m[Nest] 20052  - [39m03/09/2026, 5:21:31 p. m. [32m    LOG[39m [38;5;3m[RouterExplorer] [39m[32mMapped {/api/collection-report, DELETE} route[39m[38;5;3m +3ms[39m
[32m[Nest] 20052  - [39m03/09/2026, 5:21:31 p. m. [32m    LOG[39m [38;5;3m[RoutesResolver] [39m[32mDailyReportController {/api/daily-report}:[39m[38;5;3m +4ms[39m
[32m[Nest] 20052  - [39m03/09/2026, 5:21:31 p. m. [32m    LOG[39m [38;5;3m[RouterExplorer] [39m[32mMapped {/api/daily-report, GET} route[39m[38;5;3m +3ms[39m
[32m[Nest] 20052  - [39m03/09/2026, 5:21:31 p. m. [32m    LOG[39m [38;5;3m[RouterExplorer] [39m[32mMapped {/api/daily-report, POST} route[39m[38;5;3m +3ms[39m
[32m[Nest] 20052  - [39m03/09/2026, 5:21:31 p. m. [32m    LOG[39m [38;5;3m[RouterExplorer] [39m[32mMapped {/api/daily-report, PATCH} route[39m[38;5;3m +3ms[39m
[32m[Nest] 20052  - [39m03/09/2026, 5:21:31 p. m. [32m    LOG[39m [38;5;3m[RouterExplorer] [39m[32mMapped {/api/daily-report, DELETE} route[39m[38;5;3m +2ms[39m
[32m[Nest] 20052  - [39m03/09/2026, 5:21:31 p. m. [32m    LOG[39m [38;5;3m[RoutesResolver] [39m[32mWeeklyReportController {/api/weekly-report}:[39m[38;5;3m +1ms[39m
[32m[Nest] 20052  - [39m03/09/2026, 5:21:31 p. m. [32m    LOG[39m [38;5;3m[RouterExplorer] [39m[32mMapped {/api/weekly-report, GET} route[39m[38;5;3m +3ms[39m
[32m[Nest] 20052  - [39m03/09/2026, 5:21:31 p. m. [32m    LOG[39m [38;5;3m[RouterExplorer] [39m[32mMapped {/api/weekly-report, POST} route[39m[38;5;3m +4ms[39m
[32m[Nest] 20052  - [39m03/09/2026, 5:21:31 p. m. [32m    LOG[39m [38;5;3m[RouterExplorer] [39m[32mMapped {/api/weekly-report, PATCH} route[39m[38;5;3m +2ms[39m
[32m[Nest] 20052  - [39m03/09/2026, 5:21:31 p. m. [32m    LOG[39m [38;5;3m[RouterExplorer] [39m[32mMapped {/api/weekly-report, DELETE} route[39m[38;5;3m +3ms[39m
[32m[Nest] 20052  - [39m03/09/2026, 5:21:31 p. m. [32m    LOG[39m [38;5;3m[RoutesResolver] [39m[32mMonthlyReportController {/api/monthly-report}:[39m[38;5;3m +2ms[39m
[32m[Nest] 20052  - [39m03/09/2026, 5:21:31 p. m. [32m    LOG[39m [38;5;3m[RouterExplorer] [39m[32mMapped {/api/monthly-report, GET} route[39m[38;5;3m +3ms[39m
[32m[Nest] 20052  - [39m03/09/2026, 5:21:31 p. m. [32m    LOG[39m [38;5;3m[RouterExplorer] [39m[32mMapped {/api/monthly-report, POST} route[39m[38;5;3m +2ms[39m
[32m[Nest] 20052  - [39m03/09/2026, 5:21:31 p. m. [32m    LOG[39m [38;5;3m[RouterExplorer] [39m[32mMapped {/api/monthly-report, PATCH} route[39m[38;5;3m +3ms[39m
[32m[Nest] 20052  - [39m03/09/2026, 5:21:31 p. m. [32m    LOG[39m [38;5;3m[RouterExplorer] [39m[32mMapped {/api/monthly-report, DELETE} route[39m[38;5;3m +3ms[39m
[32m[Nest] 20052  - [39m03/09/2026, 5:21:31 p. m. [32m    LOG[39m [38;5;3m[RoutesResolver] [39m[32mSellerReportController {/api/seller-report}:[39m[38;5;3m +2ms[39m
[32m[Nest] 20052  - [39m03/09/2026, 5:21:31 p. m. [32m    LOG[39m [38;5;3m[RouterExplorer] [39m[32mMapped {/api/seller-report, GET} route[39m[38;5;3m +3ms[39m
[32m[Nest] 20052  - [39m03/09/2026, 5:21:31 p. m. [32m    LOG[39m [38;5;3m[RouterExplorer] [39m[32mMapped {/api/seller-report, POST} route[39m[38;5;3m +3ms[39m
[32m[Nest] 20052  - [39m03/09/2026, 5:21:31 p. m. [32m    LOG[39m [38;5;3m[RouterExplorer] [39m[32mMapped {/api/seller-report, PATCH} route[39m[38;5;3m +4ms[39m
[32m[Nest] 20052  - [39m03/09/2026, 5:21:31 p. m. [32m    LOG[39m [38;5;3m[RouterExplorer] [39m[32mMapped {/api/seller-report, DELETE} route[39m[38;5;3m +3ms[39m
[32m[Nest] 20052  - [39m03/09/2026, 5:21:31 p. m. [32m    LOG[39m [38;5;3m[RoutesResolver] [39m[32mAdminController {/api/admin}:[39m[38;5;3m +2ms[39m
[32m[Nest] 20052  - [39m03/09/2026, 5:21:31 p. m. [32m    LOG[39m [38;5;3m[RouterExplorer] [39m[32mMapped {/api/admin/overview, GET} route[39m[38;5;3m +3ms[39m
[32m[Nest] 20052  - [39m03/09/2026, 5:21:31 p. m. [32m    LOG[39m [38;5;3m[RouterExplorer] [39m[32mMapped {/api/admin/tenants, GET} route[39m[38;5;3m +3ms[39m
[32m[Nest] 20052  - [39m03/09/2026, 5:21:31 p. m. [32m    LOG[39m [38;5;3m[RouterExplorer] [39m[32mMapped {/api/admin/tenants, DELETE} route[39m[38;5;3m +4ms[39m
[32m[Nest] 20052  - [39m03/09/2026, 5:21:31 p. m. [32m    LOG[39m [38;5;3m[RouterExplorer] [39m[32mMapped {/api/admin/health, GET} route[39m[38;5;3m +3ms[39m
[32m[Nest] 20052  - [39m03/09/2026, 5:21:31 p. m. [32m    LOG[39m [38;5;3m[AutoCloseService] [39m[32m✅ AutoCloseService iniciado - cron programado para 00:00 diario[39m
[32m[Nest] 20052  - [39m03/09/2026, 5:21:31 p. m. [32m    LOG[39m [38;5;3m[NestApplication] [39m[32mNest application successfully started[39m[38;5;3m +21ms[39m
✅ backendkit listening on http://localhost:3001
   CORS origin: http://localhost:3000
[2J[3J[H[[90m5:33:27 p. m.[0m] File change detected. Starting incremental compilation...

[[90m5:33:28 p. m.[0m] Found 0 errors. Watching for file changes.

[2J[3J[H[[90m5:33:29 p. m.[0m] File change detected. Starting incremental compilation...

[[90m5:33:29 p. m.[0m] Found 0 errors. Watching for file changes.

[2J[3J[H[[90m5:33:31 p. m.[0m] File change detected. Starting incremental compilation...

[[90m5:33:31 p. m.[0m] Found 0 errors. Watching for file changes.

[2J[3J[H[[90m5:33:33 p. m.[0m] File change detected. Starting incremental compilation...

[[90m5:33:33 p. m.[0m] Found 0 errors. Watching for file changes.

[2J[3J[H[[90m5:33:34 p. m.[0m] File change detected. Starting incremental compilation...

[[90m5:33:34 p. m.[0m] Found 0 errors. Watching for file changes.

[32m[Nest] 18944  - [39m03/09/2026, 5:33:37 p. m. [32m    LOG[39m [38;5;3m[NestFactory] [39m[32mStarting Nest application...[39m
[32m[Nest] 18944  - [39m03/09/2026, 5:33:37 p. m. [32m    LOG[39m [38;5;3m[InstanceLoader] [39m[32mTypeOrmModule dependencies initialized[39m[38;5;3m +156ms[39m
[32m[Nest] 18944  - [39m03/09/2026, 5:33:37 p. m. [32m    LOG[39m [38;5;3m[InstanceLoader] [39m[32mDiscoveryModule dependencies initialized[39m[38;5;3m +2ms[39m
[32m[Nest] 18944  - [39m03/09/2026, 5:33:37 p. m. [32m    LOG[39m [38;5;3m[InstanceLoader] [39m[32mScheduleModule dependencies initialized[39m[38;5;3m +3ms[39m
[32m[Nest] 18944  - [39m03/09/2026, 5:33:37 p. m. [32m    LOG[39m [38;5;3m[InstanceLoader] [39m[32mAppModule dependencies initialized[39m[38;5;3m +2ms[39m
[2J[3J[H[[90m5:33:37 p. m.[0m] File change detected. Starting incremental compilation...

[[90m5:33:37 p. m.[0m] Found 0 errors. Watching for file changes.

[32m[Nest] 14736  - [39m03/09/2026, 5:33:40 p. m. [32m    LOG[39m [38;5;3m[NestFactory] [39m[32mStarting Nest application...[39m
[32m[Nest] 14736  - [39m03/09/2026, 5:33:40 p. m. [32m    LOG[39m [38;5;3m[InstanceLoader] [39m[32mTypeOrmModule dependencies initialized[39m[38;5;3m +67ms[39m
[32m[Nest] 14736  - [39m03/09/2026, 5:33:40 p. m. [32m    LOG[39m [38;5;3m[InstanceLoader] [39m[32mDiscoveryModule dependencies initialized[39m[38;5;3m +3ms[39m
[32m[Nest] 14736  - [39m03/09/2026, 5:33:40 p. m. [32m    LOG[39m [38;5;3m[InstanceLoader] [39m[32mScheduleModule dependencies initialized[39m[38;5;3m +1ms[39m
[32m[Nest] 14736  - [39m03/09/2026, 5:33:40 p. m. [32m    LOG[39m [38;5;3m[InstanceLoader] [39m[32mAppModule dependencies initialized[39m[38;5;3m +2ms[39m
[32m[Nest] 14736  - [39m03/09/2026, 5:33:42 p. m. [32m    LOG[39m [38;5;3m[InstanceLoader] [39m[32mSellersModule dependencies initialized[39m[38;5;3m +1548ms[39m
[32m[Nest] 14736  - [39m03/09/2026, 5:33:42 p. m. [32m    LOG[39m [38;5;3m[InstanceLoader] [39m[32mCobrosModule dependencies initialized[39m[38;5;3m +1ms[39m
[32m[Nest] 14736  - [39m03/09/2026, 5:33:42 p. m. [32m    LOG[39m [38;5;3m[InstanceLoader] [39m[32mCustomersModule dependencies initialized[39m[38;5;3m +1ms[39m
[32m[Nest] 14736  - [39m03/09/2026, 5:33:42 p. m. [32m    LOG[39m [38;5;3m[InstanceLoader] [39m[32mProductsModule dependencies initialized[39m[38;5;3m +2ms[39m
[32m[Nest] 14736  - [39m03/09/2026, 5:33:42 p. m. [32m    LOG[39m [38;5;3m[InstanceLoader] [39m[32mVisitsModule dependencies initialized[39m[38;5;3m +2ms[39m
[32m[Nest] 14736  - [39m03/09/2026, 5:33:42 p. m. [32m    LOG[39m [38;5;3m[InstanceLoader] [39m[32mStockModule dependencies initialized[39m[38;5;3m +1ms[39m
[32m[Nest] 14736  - [39m03/09/2026, 5:33:42 p. m. [32m    LOG[39m [38;5;3m[InstanceLoader] [39m[32mDailyStockModule dependencies initialized[39m[38;5;3m +1ms[39m
[32m[Nest] 14736  - [39m03/09/2026, 5:33:42 p. m. [32m    LOG[39m [38;5;3m[InstanceLoader] [39m[32mGeneralStockModule dependencies initialized[39m[38;5;3m +1ms[39m
[32m[Nest] 14736  - [39m03/09/2026, 5:33:42 p. m. [32m    LOG[39m [38;5;3m[InstanceLoader] [39m[32mCollectionReportModule dependencies initialized[39m[38;5;3m +1ms[39m
[32m[Nest] 14736  - [39m03/09/2026, 5:33:42 p. m. [32m    LOG[39m [38;5;3m[InstanceLoader] [39m[32mDailyReportModule dependencies initialized[39m[38;5;3m +1ms[39m
[32m[Nest] 14736  - [39m03/09/2026, 5:33:42 p. m. [32m    LOG[39m [38;5;3m[InstanceLoader] [39m[32mWeeklyReportModule dependencies initialized[39m[38;5;3m +1ms[39m
[32m[Nest] 14736  - [39m03/09/2026, 5:33:42 p. m. [32m    LOG[39m [38;5;3m[InstanceLoader] [39m[32mMonthlyReportModule dependencies initialized[39m[38;5;3m +1ms[39m
[32m[Nest] 14736  - [39m03/09/2026, 5:33:42 p. m. [32m    LOG[39m [38;5;3m[InstanceLoader] [39m[32mSellerReportModule dependencies initialized[39m[38;5;3m +1ms[39m
[32m[Nest] 14736  - [39m03/09/2026, 5:33:42 p. m. [32m    LOG[39m [38;5;3m[InstanceLoader] [39m[32mTypeOrmCoreModule dependencies initialized[39m[38;5;3m +2ms[39m
[32m[Nest] 14736  - [39m03/09/2026, 5:33:42 p. m. [32m    LOG[39m [38;5;3m[InstanceLoader] [39m[32mAuthModule dependencies initialized[39m[38;5;3m +2ms[39m
[32m[Nest] 14736  - [39m03/09/2026, 5:33:42 p. m. [32m    LOG[39m [38;5;3m[InstanceLoader] [39m[32mDashboardModule dependencies initialized[39m[38;5;3m +2ms[39m
[32m[Nest] 14736  - [39m03/09/2026, 5:33:42 p. m. [32m    LOG[39m [38;5;3m[InstanceLoader] [39m[32mTenantModule dependencies initialized[39m[38;5;3m +2ms[39m
[32m[Nest] 14736  - [39m03/09/2026, 5:33:42 p. m. [32m    LOG[39m [38;5;3m[InstanceLoader] [39m[32mInventoryModule dependencies initialized[39m[38;5;3m +2ms[39m
[32m[Nest] 14736  - [39m03/09/2026, 5:33:42 p. m. [32m    LOG[39m [38;5;3m[InstanceLoader] [39m[32mAdminModule dependencies initialized[39m[38;5;3m +1ms[39m
[32m[Nest] 14736  - [39m03/09/2026, 5:33:42 p. m. [32m    LOG[39m [38;5;3m[RoutesResolver] [39m[32mHealthController {/api/health}:[39m[38;5;3m +15ms[39m
[32m[Nest] 14736  - [39m03/09/2026, 5:33:42 p. m. [32m    LOG[39m [38;5;3m[RouterExplorer] [39m[32mMapped {/api/health, GET} route[39m[38;5;3m +7ms[39m
[32m[Nest] 14736  - [39m03/09/2026, 5:33:42 p. m. [32m    LOG[39m [38;5;3m[RoutesResolver] [39m[32mTenantController {/api/tenants}:[39m[38;5;3m +2ms[39m
[32m[Nest] 14736  - [39m03/09/2026, 5:33:42 p. m. [32m    LOG[39m [38;5;3m[RouterExplorer] [39m[32mMapped {/api/tenants, GET} route[39m[38;5;3m +2ms[39m
[32m[Nest] 14736  - [39m03/09/2026, 5:33:42 p. m. [32m    LOG[39m [38;5;3m[RouterExplorer] [39m[32mMapped {/api/tenants/me, GET} route[39m[38;5;3m +4ms[39m
[32m[Nest] 14736  - [39m03/09/2026, 5:33:42 p. m. [32m    LOG[39m [38;5;3m[RouterExplorer] [39m[32mMapped {/api/tenants/provision, POST} route[39m[38;5;3m +1ms[39m
[32m[Nest] 14736  - [39m03/09/2026, 5:33:42 p. m. [32m    LOG[39m [38;5;3m[RoutesResolver] [39m[32mAuthController {/api/auth}:[39m[38;5;3m +2ms[39m
[32m[Nest] 14736  - [39m03/09/2026, 5:33:42 p. m. [32m    LOG[39m [38;5;3m[RouterExplorer] [39m[32mMapped {/api/auth, GET} route[39m[38;5;3m +3ms[39m
[32m[Nest] 14736  - [39m03/09/2026, 5:33:42 p. m. [32m    LOG[39m [38;5;3m[RouterExplorer] [39m[32mMapped {/api/auth/login, POST} route[39m[38;5;3m +2ms[39m
[32m[Nest] 14736  - [39m03/09/2026, 5:33:42 p. m. [32m    LOG[39m [38;5;3m[RouterExplorer] [39m[32mMapped {/api/auth, POST} route[39m[38;5;3m +2ms[39m
[32m[Nest] 14736  - [39m03/09/2026, 5:33:42 p. m. [32m    LOG[39m [38;5;3m[RouterExplorer] [39m[32mMapped {/api/auth, PATCH} route[39m[38;5;3m +2ms[39m
[32m[Nest] 14736  - [39m03/09/2026, 5:33:42 p. m. [32m    LOG[39m [38;5;3m[RouterExplorer] [39m[32mMapped {/api/auth, DELETE} route[39m[38;5;3m +4ms[39m
[32m[Nest] 14736  - [39m03/09/2026, 5:33:42 p. m. [32m    LOG[39m [38;5;3m[RoutesResolver] [39m[32mDashboardController {/api/dashboard}:[39m[38;5;3m +2ms[39m
[32m[Nest] 14736  - [39m03/09/2026, 5:33:42 p. m. [32m    LOG[39m [38;5;3m[RouterExplorer] [39m[32mMapped {/api/dashboard, GET} route[39m[38;5;3m +3ms[39m
[32m[Nest] 14736  - [39m03/09/2026, 5:33:42 p. m. [32m    LOG[39m [38;5;3m[RoutesResolver] [39m[32mSellersController {/api/sellers}:[39m[38;5;3m +1ms[39m
[32m[Nest] 14736  - [39m03/09/2026, 5:33:42 p. m. [32m    LOG[39m [38;5;3m[RouterExplorer] [39m[32mMapped {/api/sellers, GET} route[39m[38;5;3m +2ms[39m
[32m[Nest] 14736  - [39m03/09/2026, 5:33:42 p. m. [32m    LOG[39m [38;5;3m[RouterExplorer] [39m[32mMapped {/api/sellers, POST} route[39m[38;5;3m +2ms[39m
[32m[Nest] 14736  - [39m03/09/2026, 5:33:42 p. m. [32m    LOG[39m [38;5;3m[RouterExplorer] [39m[32mMapped {/api/sellers, PATCH} route[39m[38;5;3m +2ms[39m
[32m[Nest] 14736  - [39m03/09/2026, 5:33:42 p. m. [32m    LOG[39m [38;5;3m[RouterExplorer] [39m[32mMapped {/api/sellers, DELETE} route[39m[38;5;3m +3ms[39m
[32m[Nest] 14736  - [39m03/09/2026, 5:33:42 p. m. [32m    LOG[39m [38;5;3m[RoutesResolver] [39m[32mCobrosController {/api/cobros}:[39m[38;5;3m +2ms[39m
[32m[Nest] 14736  - [39m03/09/2026, 5:33:42 p. m. [32m    LOG[39m [38;5;3m[RouterExplorer] [39m[32mMapped {/api/cobros, GET} route[39m[38;5;3m +2ms[39m
[32m[Nest] 14736  - [39m03/09/2026, 5:33:42 p. m. [32m    LOG[39m [38;5;3m[RouterExplorer] [39m[32mMapped {/api/cobros, POST} route[39m[38;5;3m +2ms[39m
[32m[Nest] 14736  - [39m03/09/2026, 5:33:42 p. m. [32m    LOG[39m [38;5;3m[RouterExplorer] [39m[32mMapped {/api/cobros, PATCH} route[39m[38;5;3m +1ms[39m
[32m[Nest] 14736  - [39m03/09/2026, 5:33:42 p. m. [32m    LOG[39m [38;5;3m[RouterExplorer] [39m[32mMapped {/api/cobros, DELETE} route[39m[38;5;3m +2ms[39m
[32m[Nest] 14736  - [39m03/09/2026, 5:33:42 p. m. [32m    LOG[39m [38;5;3m[RoutesResolver] [39m[32mCustomersController {/api/customers}:[39m[38;5;3m +2ms[39m
[32m[Nest] 14736  - [39m03/09/2026, 5:33:42 p. m. [32m    LOG[39m [38;5;3m[RouterExplorer] [39m[32mMapped {/api/customers, GET} route[39m[38;5;3m +2ms[39m
[32m[Nest] 14736  - [39m03/09/2026, 5:33:42 p. m. [32m    LOG[39m [38;5;3m[RouterExplorer] [39m[32mMapped {/api/customers, POST} route[39m[38;5;3m +2ms[39m
[32m[Nest] 14736  - [39m03/09/2026, 5:33:42 p. m. [32m    LOG[39m [38;5;3m[RouterExplorer] [39m[32mMapped {/api/customers, PATCH} route[39m[38;5;3m +2ms[39m
[32m[Nest] 14736  - [39m03/09/2026, 5:33:42 p. m. [32m    LOG[39m [38;5;3m[RouterExplorer] [39m[32mMapped {/api/customers, DELETE} route[39m[38;5;3m +1ms[39m
[32m[Nest] 14736  - [39m03/09/2026, 5:33:42 p. m. [32m    LOG[39m [38;5;3m[RoutesResolver] [39m[32mProductsController {/api/products}:[39m[38;5;3m +1ms[39m
[32m[Nest] 14736  - [39m03/09/2026, 5:33:42 p. m. [32m    LOG[39m [38;5;3m[RouterExplorer] [39m[32mMapped {/api/products, GET} route[39m[38;5;3m +1ms[39m
[32m[Nest] 14736  - [39m03/09/2026, 5:33:42 p. m. [32m    LOG[39m [38;5;3m[RouterExplorer] [39m[32mMapped {/api/products, POST} route[39m[38;5;3m +2ms[39m
[32m[Nest] 14736  - [39m03/09/2026, 5:33:42 p. m. [32m    LOG[39m [38;5;3m[RouterExplorer] [39m[32mMapped {/api/products, PATCH} route[39m[38;5;3m +1ms[39m
[32m[Nest] 14736  - [39m03/09/2026, 5:33:42 p. m. [32m    LOG[39m [38;5;3m[RouterExplorer] [39m[32mMapped {/api/products, DELETE} route[39m[38;5;3m +2ms[39m
[32m[Nest] 14736  - [39m03/09/2026, 5:33:42 p. m. [32m    LOG[39m [38;5;3m[RoutesResolver] [39m[32mVisitsController {/api/visits}:[39m[38;5;3m +1ms[39m
[32m[Nest] 14736  - [39m03/09/2026, 5:33:42 p. m. [32m    LOG[39m [38;5;3m[RouterExplorer] [39m[32mMapped {/api/visits, GET} route[39m[38;5;3m +2ms[39m
[32m[Nest] 14736  - [39m03/09/2026, 5:33:42 p. m. [32m    LOG[39m [38;5;3m[RouterExplorer] [39m[32mMapped {/api/visits, POST} route[39m[38;5;3m +2ms[39m
[32m[Nest] 14736  - [39m03/09/2026, 5:33:42 p. m. [32m    LOG[39m [38;5;3m[RouterExplorer] [39m[32mMapped {/api/visits, PATCH} route[39m[38;5;3m +1ms[39m
[32m[Nest] 14736  - [39m03/09/2026, 5:33:42 p. m. [32m    LOG[39m [38;5;3m[RouterExplorer] [39m[32mMapped {/api/visits, DELETE} route[39m[38;5;3m +1ms[39m
[32m[Nest] 14736  - [39m03/09/2026, 5:33:42 p. m. [32m    LOG[39m [38;5;3m[RoutesResolver] [39m[32mStockController {/api/stock}:[39m[38;5;3m +2ms[39m
[32m[Nest] 14736  - [39m03/09/2026, 5:33:42 p. m. [32m    LOG[39m [38;5;3m[RouterExplorer] [39m[32mMapped {/api/stock, GET} route[39m[38;5;3m +2ms[39m
[32m[Nest] 14736  - [39m03/09/2026, 5:33:42 p. m. [32m    LOG[39m [38;5;3m[RouterExplorer] [39m[32mMapped {/api/stock, POST} route[39m[38;5;3m +2ms[39m
[32m[Nest] 14736  - [39m03/09/2026, 5:33:42 p. m. [32m    LOG[39m [38;5;3m[RouterExplorer] [39m[32mMapped {/api/stock, PATCH} route[39m[38;5;3m +1ms[39m
[32m[Nest] 14736  - [39m03/09/2026, 5:33:42 p. m. [32m    LOG[39m [38;5;3m[RouterExplorer] [39m[32mMapped {/api/stock, DELETE} route[39m[38;5;3m +2ms[39m
[32m[Nest] 14736  - [39m03/09/2026, 5:33:42 p. m. [32m    LOG[39m [38;5;3m[RoutesResolver] [39m[32mInventoryController {/api/inventory}:[39m[38;5;3m +2ms[39m
[32m[Nest] 14736  - [39m03/09/2026, 5:33:42 p. m. [32m    LOG[39m [38;5;3m[RouterExplorer] [39m[32mMapped {/api/inventory/summary, GET} route[39m[38;5;3m +1ms[39m
[32m[Nest] 14736  - [39m03/09/2026, 5:33:42 p. m. [32m    LOG[39m [38;5;3m[RouterExplorer] [39m[32mMapped {/api/inventory, GET} route[39m[38;5;3m +2ms[39m
[32m[Nest] 14736  - [39m03/09/2026, 5:33:42 p. m. [32m    LOG[39m [38;5;3m[RouterExplorer] [39m[32mMapped {/api/inventory, POST} route[39m[38;5;3m +1ms[39m
[32m[Nest] 14736  - [39m03/09/2026, 5:33:42 p. m. [32m    LOG[39m [38;5;3m[RouterExplorer] [39m[32mMapped {/api/inventory/close, POST} route[39m[38;5;3m +3ms[39m
[32m[Nest] 14736  - [39m03/09/2026, 5:33:42 p. m. [32m    LOG[39m [38;5;3m[RouterExplorer] [39m[32mMapped {/api/inventory, PATCH} route[39m[38;5;3m +1ms[39m
[32m[Nest] 14736  - [39m03/09/2026, 5:33:42 p. m. [32m    LOG[39m [38;5;3m[RouterExplorer] [39m[32mMapped {/api/inventory, DELETE} route[39m[38;5;3m +2ms[39m
[32m[Nest] 14736  - [39m03/09/2026, 5:33:42 p. m. [32m    LOG[39m [38;5;3m[RoutesResolver] [39m[32mDailyStockController {/api/daily-stock}:[39m[38;5;3m +2ms[39m
[32m[Nest] 14736  - [39m03/09/2026, 5:33:42 p. m. [32m    LOG[39m [38;5;3m[RouterExplorer] [39m[32mMapped {/api/daily-stock, GET} route[39m[38;5;3m +1ms[39m
[32m[Nest] 14736  - [39m03/09/2026, 5:33:42 p. m. [32m    LOG[39m [38;5;3m[RouterExplorer] [39m[32mMapped {/api/daily-stock, POST} route[39m[38;5;3m +2ms[39m
[32m[Nest] 14736  - [39m03/09/2026, 5:33:42 p. m. [32m    LOG[39m [38;5;3m[RouterExplorer] [39m[32mMapped {/api/daily-stock, PATCH} route[39m[38;5;3m +2ms[39m
[32m[Nest] 14736  - [39m03/09/2026, 5:33:42 p. m. [32m    LOG[39m [38;5;3m[RouterExplorer] [39m[32mMapped {/api/daily-stock, DELETE} route[39m[38;5;3m +2ms[39m
[32m[Nest] 14736  - [39m03/09/2026, 5:33:42 p. m. [32m    LOG[39m [38;5;3m[RoutesResolver] [39m[32mGeneralStockController {/api/general-stock}:[39m[38;5;3m +2ms[39m
[32m[Nest] 14736  - [39m03/09/2026, 5:33:42 p. m. [32m    LOG[39m [38;5;3m[RouterExplorer] [39m[32mMapped {/api/general-stock, GET} route[39m[38;5;3m +2ms[39m
[32m[Nest] 14736  - [39m03/09/2026, 5:33:42 p. m. [32m    LOG[39m [38;5;3m[RouterExplorer] [39m[32mMapped {/api/general-stock, POST} route[39m[38;5;3m +1ms[39m
[32m[Nest] 14736  - [39m03/09/2026, 5:33:42 p. m. [32m    LOG[39m [38;5;3m[RouterExplorer] [39m[32mMapped {/api/general-stock, PATCH} route[39m[38;5;3m +2ms[39m
[32m[Nest] 14736  - [39m03/09/2026, 5:33:42 p. m. [32m    LOG[39m [38;5;3m[RouterExplorer] [39m[32mMapped {/api/general-stock, DELETE} route[39m[38;5;3m +2ms[39m
[32m[Nest] 14736  - [39m03/09/2026, 5:33:42 p. m. [32m    LOG[39m [38;5;3m[RoutesResolver] [39m[32mCollectionReportController {/api/collection-report}:[39m[38;5;3m +1ms[39m
[32m[Nest] 14736  - [39m03/09/2026, 5:33:42 p. m. [32m    LOG[39m [38;5;3m[RouterExplorer] [39m[32mMapped {/api/collection-report, GET} route[39m[38;5;3m +2ms[39m
[32m[Nest] 14736  - [39m03/09/2026, 5:33:42 p. m. [32m    LOG[39m [38;5;3m[RouterExplorer] [39m[32mMapped {/api/collection-report, POST} route[39m[38;5;3m +2ms[39m
[32m[Nest] 14736  - [39m03/09/2026, 5:33:42 p. m. [32m    LOG[39m [38;5;3m[RouterExplorer] [39m[32mMapped {/api/collection-report, PATCH} route[39m[38;5;3m +2ms[39m
[32m[Nest] 14736  - [39m03/09/2026, 5:33:42 p. m. [32m    LOG[39m [38;5;3m[RouterExplorer] [39m[32mMapped {/api/collection-report, DELETE} route[39m[38;5;3m +1ms[39m
[32m[Nest] 14736  - [39m03/09/2026, 5:33:42 p. m. [32m    LOG[39m [38;5;3m[RoutesResolver] [39m[32mDailyReportController {/api/daily-report}:[39m[38;5;3m +2ms[39m
[32m[Nest] 14736  - [39m03/09/2026, 5:33:42 p. m. [32m    LOG[39m [38;5;3m[RouterExplorer] [39m[32mMapped {/api/daily-report, GET} route[39m[38;5;3m +2ms[39m
[32m[Nest] 14736  - [39m03/09/2026, 5:33:42 p. m. [32m    LOG[39m [38;5;3m[RouterExplorer] [39m[32mMapped {/api/daily-report, POST} route[39m[38;5;3m +2ms[39m
[32m[Nest] 14736  - [39m03/09/2026, 5:33:42 p. m. [32m    LOG[39m [38;5;3m[RouterExplorer] [39m[32mMapped {/api/daily-report, PATCH} route[39m[38;5;3m +2ms[39m
[32m[Nest] 14736  - [39m03/09/2026, 5:33:42 p. m. [32m    LOG[39m [38;5;3m[RouterExplorer] [39m[32mMapped {/api/daily-report, DELETE} route[39m[38;5;3m +2ms[39m
[32m[Nest] 14736  - [39m03/09/2026, 5:33:42 p. m. [32m    LOG[39m [38;5;3m[RoutesResolver] [39m[32mWeeklyReportController {/api/weekly-report}:[39m[38;5;3m +1ms[39m
[32m[Nest] 14736  - [39m03/09/2026, 5:33:42 p. m. [32m    LOG[39m [38;5;3m[RouterExplorer] [39m[32mMapped {/api/weekly-report, GET} route[39m[38;5;3m +2ms[39m
[32m[Nest] 14736  - [39m03/09/2026, 5:33:42 p. m. [32m    LOG[39m [38;5;3m[RouterExplorer] [39m[32mMapped {/api/weekly-report, POST} route[39m[38;5;3m +2ms[39m
[32m[Nest] 14736  - [39m03/09/2026, 5:33:42 p. m. [32m    LOG[39m [38;5;3m[RouterExplorer] [39m[32mMapped {/api/weekly-report, PATCH} route[39m[38;5;3m +1ms[39m
[32m[Nest] 14736  - [39m03/09/2026, 5:33:42 p. m. [32m    LOG[39m [38;5;3m[RouterExplorer] [39m[32mMapped {/api/weekly-report, DELETE} route[39m[38;5;3m +2ms[39m
[32m[Nest] 14736  - [39m03/09/2026, 5:33:42 p. m. [32m    LOG[39m [38;5;3m[RoutesResolver] [39m[32mMonthlyReportController {/api/monthly-report}:[39m[38;5;3m +1ms[39m
[32m[Nest] 14736  - [39m03/09/2026, 5:33:42 p. m. [32m    LOG[39m [38;5;3m[RouterExplorer] [39m[32mMapped {/api/monthly-report, GET} route[39m[38;5;3m +2ms[39m
[32m[Nest] 14736  - [39m03/09/2026, 5:33:42 p. m. [32m    LOG[39m [38;5;3m[RouterExplorer] [39m[32mMapped {/api/monthly-report, POST} route[39m[38;5;3m +2ms[39m
[32m[Nest] 14736  - [39m03/09/2026, 5:33:42 p. m. [32m    LOG[39m [38;5;3m[RouterExplorer] [39m[32mMapped {/api/monthly-report, PATCH} route[39m[38;5;3m +1ms[39m
[32m[Nest] 14736  - [39m03/09/2026, 5:33:42 p. m. [32m    LOG[39m [38;5;3m[RouterExplorer] [39m[32mMapped {/api/monthly-report, DELETE} route[39m[38;5;3m +2ms[39m
[32m[Nest] 14736  - [39m03/09/2026, 5:33:42 p. m. [32m    LOG[39m [38;5;3m[RoutesResolver] [39m[32mSellerReportController {/api/seller-report}:[39m[38;5;3m +2ms[39m
[32m[Nest] 14736  - [39m03/09/2026, 5:33:42 p. m. [32m    LOG[39m [38;5;3m[RouterExplorer] [39m[32mMapped {/api/seller-report, GET} route[39m[38;5;3m +1ms[39m
[32m[Nest] 14736  - [39m03/09/2026, 5:33:42 p. m. [32m    LOG[39m [38;5;3m[RouterExplorer] [39m[32mMapped {/api/seller-report, POST} route[39m[38;5;3m +2ms[39m
[32m[Nest] 14736  - [39m03/09/2026, 5:33:42 p. m. [32m    LOG[39m [38;5;3m[RouterExplorer] [39m[32mMapped {/api/seller-report, PATCH} route[39m[38;5;3m +1ms[39m
[32m[Nest] 14736  - [39m03/09/2026, 5:33:42 p. m. [32m    LOG[39m [38;5;3m[RouterExplorer] [39m[32mMapped {/api/seller-report, DELETE} route[39m[38;5;3m +2ms[39m
[32m[Nest] 14736  - [39m03/09/2026, 5:33:42 p. m. [32m    LOG[39m [38;5;3m[RoutesResolver] [39m[32mAdminController {/api/admin}:[39m[38;5;3m +1ms[39m
[32m[Nest] 14736  - [39m03/09/2026, 5:33:42 p. m. [32m    LOG[39m [38;5;3m[RouterExplorer] [39m[32mMapped {/api/admin/overview, GET} route[39m[38;5;3m +1ms[39m
[32m[Nest] 14736  - [39m03/09/2026, 5:33:42 p. m. [32m    LOG[39m [38;5;3m[RouterExplorer] [39m[32mMapped {/api/admin/tenants, GET} route[39m[38;5;3m +2ms[39m
[32m[Nest] 14736  - [39m03/09/2026, 5:33:42 p. m. [32m    LOG[39m [38;5;3m[RouterExplorer] [39m[32mMapped {/api/admin/tenants, DELETE} route[39m[38;5;3m +1ms[39m
[32m[Nest] 14736  - [39m03/09/2026, 5:33:42 p. m. [32m    LOG[39m [38;5;3m[RouterExplorer] [39m[32mMapped {/api/admin/health, GET} route[39m[38;5;3m +1ms[39m
[32m[Nest] 14736  - [39m03/09/2026, 5:33:42 p. m. [32m    LOG[39m [38;5;3m[AutoCloseService] [39m[32m✅ AutoCloseService iniciado - cron programado para 00:00 diario[39m
[32m[Nest] 14736  - [39m03/09/2026, 5:33:42 p. m. [32m    LOG[39m [38;5;3m[NestApplication] [39m[32mNest application successfully started[39m[38;5;3m +31ms[39m
✅ backendkit listening on http://localhost:3001
   CORS origin: http://localhost:3000
[2J[3J[H[[90m5:35:40 p. m.[0m] File change detected. Starting incremental compilation...

[[90m5:35:44 p. m.[0m] Found 0 errors. Watching for file changes.

[32m[Nest] 9132  - [39m03/09/2026, 5:35:47 p. m. [32m    LOG[39m [38;5;3m[NestFactory] [39m[32mStarting Nest application...[39m
[32m[Nest] 9132  - [39m03/09/2026, 5:35:47 p. m. [32m    LOG[39m [38;5;3m[InstanceLoader] [39m[32mTypeOrmModule dependencies initialized[39m[38;5;3m +72ms[39m
[32m[Nest] 9132  - [39m03/09/2026, 5:35:47 p. m. [32m    LOG[39m [38;5;3m[InstanceLoader] [39m[32mDiscoveryModule dependencies initialized[39m[38;5;3m +2ms[39m
[32m[Nest] 9132  - [39m03/09/2026, 5:35:47 p. m. [32m    LOG[39m [38;5;3m[InstanceLoader] [39m[32mScheduleModule dependencies initialized[39m[38;5;3m +1ms[39m
[32m[Nest] 9132  - [39m03/09/2026, 5:35:47 p. m. [32m    LOG[39m [38;5;3m[InstanceLoader] [39m[32mAppModule dependencies initialized[39m[38;5;3m +1ms[39m
[32m[Nest] 9132  - [39m03/09/2026, 5:35:51 p. m. [32m    LOG[39m [38;5;3m[InstanceLoader] [39m[32mSellersModule dependencies initialized[39m[38;5;3m +4810ms[39m
[32m[Nest] 9132  - [39m03/09/2026, 5:35:51 p. m. [32m    LOG[39m [38;5;3m[InstanceLoader] [39m[32mCobrosModule dependencies initialized[39m[38;5;3m +2ms[39m
[32m[Nest] 9132  - [39m03/09/2026, 5:35:51 p. m. [32m    LOG[39m [38;5;3m[InstanceLoader] [39m[32mCustomersModule dependencies initialized[39m[38;5;3m +1ms[39m
[32m[Nest] 9132  - [39m03/09/2026, 5:35:51 p. m. [32m    LOG[39m [38;5;3m[InstanceLoader] [39m[32mProductsModule dependencies initialized[39m[38;5;3m +1ms[39m
[32m[Nest] 9132  - [39m03/09/2026, 5:35:51 p. m. [32m    LOG[39m [38;5;3m[InstanceLoader] [39m[32mVisitsModule dependencies initialized[39m[38;5;3m +2ms[39m
[32m[Nest] 9132  - [39m03/09/2026, 5:35:51 p. m. [32m    LOG[39m [38;5;3m[InstanceLoader] [39m[32mStockModule dependencies initialized[39m[38;5;3m +1ms[39m
[32m[Nest] 9132  - [39m03/09/2026, 5:35:51 p. m. [32m    LOG[39m [38;5;3m[InstanceLoader] [39m[32mDailyStockModule dependencies initialized[39m[38;5;3m +1ms[39m
[32m[Nest] 9132  - [39m03/09/2026, 5:35:51 p. m. [32m    LOG[39m [38;5;3m[InstanceLoader] [39m[32mGeneralStockModule dependencies initialized[39m[38;5;3m +2ms[39m
[32m[Nest] 9132  - [39m03/09/2026, 5:35:51 p. m. [32m    LOG[39m [38;5;3m[InstanceLoader] [39m[32mCollectionReportModule dependencies initialized[39m[38;5;3m +1ms[39m
[32m[Nest] 9132  - [39m03/09/2026, 5:35:51 p. m. [32m    LOG[39m [38;5;3m[InstanceLoader] [39m[32mDailyReportModule dependencies initialized[39m[38;5;3m +1ms[39m
[32m[Nest] 9132  - [39m03/09/2026, 5:35:51 p. m. [32m    LOG[39m [38;5;3m[InstanceLoader] [39m[32mWeeklyReportModule dependencies initialized[39m[38;5;3m +1ms[39m
[32m[Nest] 9132  - [39m03/09/2026, 5:35:51 p. m. [32m    LOG[39m [38;5;3m[InstanceLoader] [39m[32mMonthlyReportModule dependencies initialized[39m[38;5;3m +2ms[39m
[32m[Nest] 9132  - [39m03/09/2026, 5:35:51 p. m. [32m    LOG[39m [38;5;3m[InstanceLoader] [39m[32mSellerReportModule dependencies initialized[39m[38;5;3m +1ms[39m
[32m[Nest] 9132  - [39m03/09/2026, 5:35:51 p. m. [32m    LOG[39m [38;5;3m[InstanceLoader] [39m[32mTypeOrmCoreModule dependencies initialized[39m[38;5;3m +1ms[39m
[32m[Nest] 9132  - [39m03/09/2026, 5:35:51 p. m. [32m    LOG[39m [38;5;3m[InstanceLoader] [39m[32mAuthModule dependencies initialized[39m[38;5;3m +2ms[39m
[32m[Nest] 9132  - [39m03/09/2026, 5:35:51 p. m. [32m    LOG[39m [38;5;3m[InstanceLoader] [39m[32mDashboardModule dependencies initialized[39m[38;5;3m +1ms[39m
[32m[Nest] 9132  - [39m03/09/2026, 5:35:51 p. m. [32m    LOG[39m [38;5;3m[InstanceLoader] [39m[32mTenantModule dependencies initialized[39m[38;5;3m +1ms[39m
[32m[Nest] 9132  - [39m03/09/2026, 5:35:51 p. m. [32m    LOG[39m [38;5;3m[InstanceLoader] [39m[32mInventoryModule dependencies initialized[39m[38;5;3m +1ms[39m
[32m[Nest] 9132  - [39m03/09/2026, 5:35:51 p. m. [32m    LOG[39m [38;5;3m[InstanceLoader] [39m[32mAdminModule dependencies initialized[39m[38;5;3m +2ms[39m
[32m[Nest] 9132  - [39m03/09/2026, 5:35:51 p. m. [32m    LOG[39m [38;5;3m[RoutesResolver] [39m[32mHealthController {/api/health}:[39m[38;5;3m +11ms[39m
[32m[Nest] 9132  - [39m03/09/2026, 5:35:51 p. m. [32m    LOG[39m [38;5;3m[RouterExplorer] [39m[32mMapped {/api/health, GET} route[39m[38;5;3m +3ms[39m
[32m[Nest] 9132  - [39m03/09/2026, 5:35:51 p. m. [32m    LOG[39m [38;5;3m[RoutesResolver] [39m[32mTenantController {/api/tenants}:[39m[38;5;3m +1ms[39m
[32m[Nest] 9132  - [39m03/09/2026, 5:35:51 p. m. [32m    LOG[39m [38;5;3m[RouterExplorer] [39m[32mMapped {/api/tenants, GET} route[39m[38;5;3m +2ms[39m
[32m[Nest] 9132  - [39m03/09/2026, 5:35:51 p. m. [32m    LOG[39m [38;5;3m[RouterExplorer] [39m[32mMapped {/api/tenants/me, GET} route[39m[38;5;3m +2ms[39m
[32m[Nest] 9132  - [39m03/09/2026, 5:35:51 p. m. [32m    LOG[39m [38;5;3m[RouterExplorer] [39m[32mMapped {/api/tenants/provision, POST} route[39m[38;5;3m +1ms[39m
[32m[Nest] 9132  - [39m03/09/2026, 5:35:51 p. m. [32m    LOG[39m [38;5;3m[RoutesResolver] [39m[32mAuthController {/api/auth}:[39m[38;5;3m +2ms[39m
[32m[Nest] 9132  - [39m03/09/2026, 5:35:51 p. m. [32m    LOG[39m [38;5;3m[RouterExplorer] [39m[32mMapped {/api/auth, GET} route[39m[38;5;3m +1ms[39m
[32m[Nest] 9132  - [39m03/09/2026, 5:35:51 p. m. [32m    LOG[39m [38;5;3m[RouterExplorer] [39m[32mMapped {/api/auth/login, POST} route[39m[38;5;3m +2ms[39m
[32m[Nest] 9132  - [39m03/09/2026, 5:35:51 p. m. [32m    LOG[39m [38;5;3m[RouterExplorer] [39m[32mMapped {/api/auth, POST} route[39m[38;5;3m +1ms[39m
[32m[Nest] 9132  - [39m03/09/2026, 5:35:51 p. m. [32m    LOG[39m [38;5;3m[RouterExplorer] [39m[32mMapped {/api/auth, PATCH} route[39m[38;5;3m +1ms[39m
[32m[Nest] 9132  - [39m03/09/2026, 5:35:51 p. m. [32m    LOG[39m [38;5;3m[RouterExplorer] [39m[32mMapped {/api/auth, DELETE} route[39m[38;5;3m +2ms[39m
[32m[Nest] 9132  - [39m03/09/2026, 5:35:51 p. m. [32m    LOG[39m [38;5;3m[RoutesResolver] [39m[32mDashboardController {/api/dashboard}:[39m[38;5;3m +2ms[39m
[32m[Nest] 9132  - [39m03/09/2026, 5:35:51 p. m. [32m    LOG[39m [38;5;3m[RouterExplorer] [39m[32mMapped {/api/dashboard, GET} route[39m[38;5;3m +1ms[39m
[32m[Nest] 9132  - [39m03/09/2026, 5:35:51 p. m. [32m    LOG[39m [38;5;3m[RoutesResolver] [39m[32mSellersController {/api/sellers}:[39m[38;5;3m +2ms[39m
[32m[Nest] 9132  - [39m03/09/2026, 5:35:51 p. m. [32m    LOG[39m [38;5;3m[RouterExplorer] [39m[32mMapped {/api/sellers, GET} route[39m[38;5;3m +1ms[39m
[32m[Nest] 9132  - [39m03/09/2026, 5:35:51 p. m. [32m    LOG[39m [38;5;3m[RouterExplorer] [39m[32mMapped {/api/sellers, POST} route[39m[38;5;3m +1ms[39m
[32m[Nest] 9132  - [39m03/09/2026, 5:35:51 p. m. [32m    LOG[39m [38;5;3m[RouterExplorer] [39m[32mMapped {/api/sellers, PATCH} route[39m[38;5;3m +2ms[39m
[32m[Nest] 9132  - [39m03/09/2026, 5:35:51 p. m. [32m    LOG[39m [38;5;3m[RouterExplorer] [39m[32mMapped {/api/sellers, DELETE} route[39m[38;5;3m +1ms[39m
[32m[Nest] 9132  - [39m03/09/2026, 5:35:51 p. m. [32m    LOG[39m [38;5;3m[RoutesResolver] [39m[32mCobrosController {/api/cobros}:[39m[38;5;3m +1ms[39m
[32m[Nest] 9132  - [39m03/09/2026, 5:35:51 p. m. [32m    LOG[39m [38;5;3m[RouterExplorer] [39m[32mMapped {/api/cobros, GET} route[39m[38;5;3m +1ms[39m
[32m[Nest] 9132  - [39m03/09/2026, 5:35:51 p. m. [32m    LOG[39m [38;5;3m[RouterExplorer] [39m[32mMapped {/api/cobros, POST} route[39m[38;5;3m +2ms[39m
[32m[Nest] 9132  - [39m03/09/2026, 5:35:51 p. m. [32m    LOG[39m [38;5;3m[RouterExplorer] [39m[32mMapped {/api/cobros, PATCH} route[39m[38;5;3m +1ms[39m
[32m[Nest] 9132  - [39m03/09/2026, 5:35:51 p. m. [32m    LOG[39m [38;5;3m[RouterExplorer] [39m[32mMapped {/api/cobros, DELETE} route[39m[38;5;3m +1ms[39m
[32m[Nest] 9132  - [39m03/09/2026, 5:35:51 p. m. [32m    LOG[39m [38;5;3m[RoutesResolver] [39m[32mCustomersController {/api/customers}:[39m[38;5;3m +1ms[39m
[32m[Nest] 9132  - [39m03/09/2026, 5:35:51 p. m. [32m    LOG[39m [38;5;3m[RouterExplorer] [39m[32mMapped {/api/customers, GET} route[39m[38;5;3m +2ms[39m
[32m[Nest] 9132  - [39m03/09/2026, 5:35:51 p. m. [32m    LOG[39m [38;5;3m[RouterExplorer] [39m[32mMapped {/api/customers, POST} route[39m[38;5;3m +1ms[39m
[32m[Nest] 9132  - [39m03/09/2026, 5:35:51 p. m. [32m    LOG[39m [38;5;3m[RouterExplorer] [39m[32mMapped {/api/customers, PATCH} route[39m[38;5;3m +2ms[39m
[32m[Nest] 9132  - [39m03/09/2026, 5:35:51 p. m. [32m    LOG[39m [38;5;3m[RouterExplorer] [39m[32mMapped {/api/customers, DELETE} route[39m[38;5;3m +1ms[39m
[32m[Nest] 9132  - [39m03/09/2026, 5:35:51 p. m. [32m    LOG[39m [38;5;3m[RoutesResolver] [39m[32mProductsController {/api/products}:[39m[38;5;3m +2ms[39m
[32m[Nest] 9132  - [39m03/09/2026, 5:35:51 p. m. [32m    LOG[39m [38;5;3m[RouterExplorer] [39m[32mMapped {/api/products, GET} route[39m[38;5;3m +1ms[39m
[32m[Nest] 9132  - [39m03/09/2026, 5:35:51 p. m. [32m    LOG[39m [38;5;3m[RouterExplorer] [39m[32mMapped {/api/products, POST} route[39m[38;5;3m +2ms[39m
[32m[Nest] 9132  - [39m03/09/2026, 5:35:51 p. m. [32m    LOG[39m [38;5;3m[RouterExplorer] [39m[32mMapped {/api/products, PATCH} route[39m[38;5;3m +1ms[39m
[32m[Nest] 9132  - [39m03/09/2026, 5:35:51 p. m. [32m    LOG[39m [38;5;3m[RouterExplorer] [39m[32mMapped {/api/products, DELETE} route[39m[38;5;3m +1ms[39m
[32m[Nest] 9132  - [39m03/09/2026, 5:35:51 p. m. [32m    LOG[39m [38;5;3m[RoutesResolver] [39m[32mVisitsController {/api/visits}:[39m[38;5;3m +2ms[39m
[32m[Nest] 9132  - [39m03/09/2026, 5:35:51 p. m. [32m    LOG[39m [38;5;3m[RouterExplorer] [39m[32mMapped {/api/visits, GET} route[39m[38;5;3m +1ms[39m
[32m[Nest] 9132  - [39m03/09/2026, 5:35:51 p. m. [32m    LOG[39m [38;5;3m[RouterExplorer] [39m[32mMapped {/api/visits, POST} route[39m[38;5;3m +1ms[39m
[32m[Nest] 9132  - [39m03/09/2026, 5:35:52 p. m. [32m    LOG[39m [38;5;3m[RouterExplorer] [39m[32mMapped {/api/visits, PATCH} route[39m[38;5;3m +1ms[39m
[32m[Nest] 9132  - [39m03/09/2026, 5:35:52 p. m. [32m    LOG[39m [38;5;3m[RouterExplorer] [39m[32mMapped {/api/visits, DELETE} route[39m[38;5;3m +1ms[39m
[32m[Nest] 9132  - [39m03/09/2026, 5:35:52 p. m. [32m    LOG[39m [38;5;3m[RoutesResolver] [39m[32mStockController {/api/stock}:[39m[38;5;3m +1ms[39m
[32m[Nest] 9132  - [39m03/09/2026, 5:35:52 p. m. [32m    LOG[39m [38;5;3m[RouterExplorer] [39m[32mMapped {/api/stock, GET} route[39m[38;5;3m +2ms[39m
[32m[Nest] 9132  - [39m03/09/2026, 5:35:52 p. m. [32m    LOG[39m [38;5;3m[RouterExplorer] [39m[32mMapped {/api/stock, POST} route[39m[38;5;3m +1ms[39m
[32m[Nest] 9132  - [39m03/09/2026, 5:35:52 p. m. [32m    LOG[39m [38;5;3m[RouterExplorer] [39m[32mMapped {/api/stock, PATCH} route[39m[38;5;3m +2ms[39m
[32m[Nest] 9132  - [39m03/09/2026, 5:35:52 p. m. [32m    LOG[39m [38;5;3m[RouterExplorer] [39m[32mMapped {/api/stock, DELETE} route[39m[38;5;3m +1ms[39m
[32m[Nest] 9132  - [39m03/09/2026, 5:35:52 p. m. [32m    LOG[39m [38;5;3m[RoutesResolver] [39m[32mInventoryController {/api/inventory}:[39m[38;5;3m +1ms[39m
[32m[Nest] 9132  - [39m03/09/2026, 5:35:52 p. m. [32m    LOG[39m [38;5;3m[RouterExplorer] [39m[32mMapped {/api/inventory/summary, GET} route[39m[38;5;3m +1ms[39m
[32m[Nest] 9132  - [39m03/09/2026, 5:35:52 p. m. [32m    LOG[39m [38;5;3m[RouterExplorer] [39m[32mMapped {/api/inventory, GET} route[39m[38;5;3m +2ms[39m
[32m[Nest] 9132  - [39m03/09/2026, 5:35:52 p. m. [32m    LOG[39m [38;5;3m[RouterExplorer] [39m[32mMapped {/api/inventory, POST} route[39m[38;5;3m +1ms[39m
[32m[Nest] 9132  - [39m03/09/2026, 5:35:52 p. m. [32m    LOG[39m [38;5;3m[RouterExplorer] [39m[32mMapped {/api/inventory/close, POST} route[39m[38;5;3m +1ms[39m
[32m[Nest] 9132  - [39m03/09/2026, 5:35:52 p. m. [32m    LOG[39m [38;5;3m[RouterExplorer] [39m[32mMapped {/api/inventory, PATCH} route[39m[38;5;3m +1ms[39m
[32m[Nest] 9132  - [39m03/09/2026, 5:35:52 p. m. [32m    LOG[39m [38;5;3m[RouterExplorer] [39m[32mMapped {/api/inventory, DELETE} route[39m[38;5;3m +2ms[39m
[32m[Nest] 9132  - [39m03/09/2026, 5:35:52 p. m. [32m    LOG[39m [38;5;3m[RoutesResolver] [39m[32mDailyStockController {/api/daily-stock}:[39m[38;5;3m +1ms[39m
[32m[Nest] 9132  - [39m03/09/2026, 5:35:52 p. m. [32m    LOG[39m [38;5;3m[RouterExplorer] [39m[32mMapped {/api/daily-stock, GET} route[39m[38;5;3m +1ms[39m
[32m[Nest] 9132  - [39m03/09/2026, 5:35:52 p. m. [32m    LOG[39m [38;5;3m[RouterExplorer] [39m[32mMapped {/api/daily-stock, POST} route[39m[38;5;3m +2ms[39m
[32m[Nest] 9132  - [39m03/09/2026, 5:35:52 p. m. [32m    LOG[39m [38;5;3m[RouterExplorer] [39m[32mMapped {/api/daily-stock, PATCH} route[39m[38;5;3m +2ms[39m
[32m[Nest] 9132  - [39m03/09/2026, 5:35:52 p. m. [32m    LOG[39m [38;5;3m[RouterExplorer] [39m[32mMapped {/api/daily-stock, DELETE} route[39m[38;5;3m +1ms[39m
[32m[Nest] 9132  - [39m03/09/2026, 5:35:52 p. m. [32m    LOG[39m [38;5;3m[RoutesResolver] [39m[32mGeneralStockController {/api/general-stock}:[39m[38;5;3m +1ms[39m
[32m[Nest] 9132  - [39m03/09/2026, 5:35:52 p. m. [32m    LOG[39m [38;5;3m[RouterExplorer] [39m[32mMapped {/api/general-stock, GET} route[39m[38;5;3m +2ms[39m
[32m[Nest] 9132  - [39m03/09/2026, 5:35:52 p. m. [32m    LOG[39m [38;5;3m[RouterExplorer] [39m[32mMapped {/api/general-stock, POST} route[39m[38;5;3m +1ms[39m
[32m[Nest] 9132  - [39m03/09/2026, 5:35:52 p. m. [32m    LOG[39m [38;5;3m[RouterExplorer] [39m[32mMapped {/api/general-stock, PATCH} route[39m[38;5;3m +1ms[39m
[32m[Nest] 9132  - [39m03/09/2026, 5:35:52 p. m. [32m    LOG[39m [38;5;3m[RouterExplorer] [39m[32mMapped {/api/general-stock, DELETE} route[39m[38;5;3m +1ms[39m
[32m[Nest] 9132  - [39m03/09/2026, 5:35:52 p. m. [32m    LOG[39m [38;5;3m[RoutesResolver] [39m[32mCollectionReportController {/api/collection-report}:[39m[38;5;3m +1ms[39m
[32m[Nest] 9132  - [39m03/09/2026, 5:35:52 p. m. [32m    LOG[39m [38;5;3m[RouterExplorer] [39m[32mMapped {/api/collection-report, GET} route[39m[38;5;3m +1ms[39m
[32m[Nest] 9132  - [39m03/09/2026, 5:35:52 p. m. [32m    LOG[39m [38;5;3m[RouterExplorer] [39m[32mMapped {/api/collection-report, POST} route[39m[38;5;3m +1ms[39m
[32m[Nest] 9132  - [39m03/09/2026, 5:35:52 p. m. [32m    LOG[39m [38;5;3m[RouterExplorer] [39m[32mMapped {/api/collection-report, PATCH} route[39m[38;5;3m +1ms[39m
[32m[Nest] 9132  - [39m03/09/2026, 5:35:52 p. m. [32m    LOG[39m [38;5;3m[RouterExplorer] [39m[32mMapped {/api/collection-report, DELETE} route[39m[38;5;3m +2ms[39m
[32m[Nest] 9132  - [39m03/09/2026, 5:35:52 p. m. [32m    LOG[39m [38;5;3m[RoutesResolver] [39m[32mDailyReportController {/api/daily-report}:[39m[38;5;3m +2ms[39m
[32m[Nest] 9132  - [39m03/09/2026, 5:35:52 p. m. [32m    LOG[39m [38;5;3m[RouterExplorer] [39m[32mMapped {/api/daily-report, GET} route[39m[38;5;3m +1ms[39m
[32m[Nest] 9132  - [39m03/09/2026, 5:35:52 p. m. [32m    LOG[39m [38;5;3m[RouterExplorer] [39m[32mMapped {/api/daily-report, POST} route[39m[38;5;3m +2ms[39m
[32m[Nest] 9132  - [39m03/09/2026, 5:35:52 p. m. [32m    LOG[39m [38;5;3m[RouterExplorer] [39m[32mMapped {/api/daily-report, PATCH} route[39m[38;5;3m +1ms[39m
[32m[Nest] 9132  - [39m03/09/2026, 5:35:52 p. m. [32m    LOG[39m [38;5;3m[RouterExplorer] [39m[32mMapped {/api/daily-report, DELETE} route[39m[38;5;3m +1ms[39m
[32m[Nest] 9132  - [39m03/09/2026, 5:35:52 p. m. [32m    LOG[39m [38;5;3m[RoutesResolver] [39m[32mWeeklyReportController {/api/weekly-report}:[39m[38;5;3m +6ms[39m
[32m[Nest] 9132  - [39m03/09/2026, 5:35:52 p. m. [32m    LOG[39m [38;5;3m[RouterExplorer] [39m[32mMapped {/api/weekly-report, GET} route[39m[38;5;3m +1ms[39m
[32m[Nest] 9132  - [39m03/09/2026, 5:35:52 p. m. [32m    LOG[39m [38;5;3m[RouterExplorer] [39m[32mMapped {/api/weekly-report, POST} route[39m[38;5;3m +1ms[39m
[32m[Nest] 9132  - [39m03/09/2026, 5:35:52 p. m. [32m    LOG[39m [38;5;3m[RouterExplorer] [39m[32mMapped {/api/weekly-report, PATCH} route[39m[38;5;3m +2ms[39m
[32m[Nest] 9132  - [39m03/09/2026, 5:35:52 p. m. [32m    LOG[39m [38;5;3m[RouterExplorer] [39m[32mMapped {/api/weekly-report, DELETE} route[39m[38;5;3m +2ms[39m
[32m[Nest] 9132  - [39m03/09/2026, 5:35:52 p. m. [32m    LOG[39m [38;5;3m[RoutesResolver] [39m[32mMonthlyReportController {/api/monthly-report}:[39m[38;5;3m +1ms[39m
[32m[Nest] 9132  - [39m03/09/2026, 5:35:52 p. m. [32m    LOG[39m [38;5;3m[RouterExplorer] [39m[32mMapped {/api/monthly-report, GET} route[39m[38;5;3m +1ms[39m
[32m[Nest] 9132  - [39m03/09/2026, 5:35:52 p. m. [32m    LOG[39m [38;5;3m[RouterExplorer] [39m[32mMapped {/api/monthly-report, POST} route[39m[38;5;3m +2ms[39m
[32m[Nest] 9132  - [39m03/09/2026, 5:35:52 p. m. [32m    LOG[39m [38;5;3m[RouterExplorer] [39m[32mMapped {/api/monthly-report, PATCH} route[39m[38;5;3m +1ms[39m
[32m[Nest] 9132  - [39m03/09/2026, 5:35:52 p. m. [32m    LOG[39m [38;5;3m[RouterExplorer] [39m[32mMapped {/api/monthly-report, DELETE} route[39m[38;5;3m +25ms[39m
[32m[Nest] 9132  - [39m03/09/2026, 5:35:52 p. m. [32m    LOG[39m [38;5;3m[RoutesResolver] [39m[32mSellerReportController {/api/seller-report}:[39m[38;5;3m +2ms[39m
[32m[Nest] 9132  - [39m03/09/2026, 5:35:52 p. m. [32m    LOG[39m [38;5;3m[RouterExplorer] [39m[32mMapped {/api/seller-report, GET} route[39m[38;5;3m +2ms[39m
[32m[Nest] 9132  - [39m03/09/2026, 5:35:52 p. m. [32m    LOG[39m [38;5;3m[RouterExplorer] [39m[32mMapped {/api/seller-report, POST} route[39m[38;5;3m +2ms[39m
[32m[Nest] 9132  - [39m03/09/2026, 5:35:52 p. m. [32m    LOG[39m [38;5;3m[RouterExplorer] [39m[32mMapped {/api/seller-report, PATCH} route[39m[38;5;3m +2ms[39m
[32m[Nest] 9132  - [39m03/09/2026, 5:35:52 p. m. [32m    LOG[39m [38;5;3m[RouterExplorer] [39m[32mMapped {/api/seller-report, DELETE} route[39m[38;5;3m +1ms[39m
[32m[Nest] 9132  - [39m03/09/2026, 5:35:52 p. m. [32m    LOG[39m [38;5;3m[RoutesResolver] [39m[32mAdminController {/api/admin}:[39m[38;5;3m +1ms[39m
[32m[Nest] 9132  - [39m03/09/2026, 5:35:52 p. m. [32m    LOG[39m [38;5;3m[RouterExplorer] [39m[32mMapped {/api/admin/overview, GET} route[39m[38;5;3m +2ms[39m
[32m[Nest] 9132  - [39m03/09/2026, 5:35:52 p. m. [32m    LOG[39m [38;5;3m[RouterExplorer] [39m[32mMapped {/api/admin/tenants, GET} route[39m[38;5;3m +1ms[39m
[32m[Nest] 9132  - [39m03/09/2026, 5:35:52 p. m. [32m    LOG[39m [38;5;3m[RouterExplorer] [39m[32mMapped {/api/admin/tenants, DELETE} route[39m[38;5;3m +2ms[39m
[32m[Nest] 9132  - [39m03/09/2026, 5:35:52 p. m. [32m    LOG[39m [38;5;3m[RouterExplorer] [39m[32mMapped {/api/admin/health, GET} route[39m[38;5;3m +1ms[39m
[32m[Nest] 9132  - [39m03/09/2026, 5:35:52 p. m. [32m    LOG[39m [38;5;3m[AutoCloseService] [39m[32m✅ AutoCloseService iniciado - cron programado para 00:00 diario[39m
[32m[Nest] 9132  - [39m03/09/2026, 5:35:52 p. m. [32m    LOG[39m [38;5;3m[NestApplication] [39m[32mNest application successfully started[39m[38;5;3m +11ms[39m
✅ backendkit listening on http://localhost:3001
   CORS origin: http://localhost:3000
